OpenJDK 64-Bit Server VM (24.85-b03) for linux-amd64 JRE (1.7.0_85-b01), built on Jul 20 2015 19:51:05 by "mockbuild" with gcc 4.8.2 20140120 (Red Hat 4.8.2-16)
Memory: 4k page, physical 7633616k(4251268k free), swap 1048572k(1048572k free)
CommandLine flags: -XX:InitialHeapSize=1048576000 -XX:MaxHeapSize=1048576000 -XX:MaxPermSize=134217728 -XX:+PrintGC -XX:+PrintGCDetails -XX:+PrintGCTimeStamps -XX:+UseCompressedOops -XX:+UseParallelGC 
3.696: [GC [PSYoungGen: 256512K->17010K(299008K)] 256512K->17018K(982016K), 0.0416270 secs] [Times: user=0.04 sys=0.03, real=0.04 secs] 
8.650: [GC [PSYoungGen: 273522K->42492K(299008K)] 273530K->54125K(982016K), 0.0749090 secs] [Times: user=0.10 sys=0.06, real=0.07 secs] 
9.769: [GC [PSYoungGen: 299004K->42489K(299008K)] 310637K->54174K(982016K), 0.0433350 secs] [Times: user=0.06 sys=0.02, real=0.05 secs] 
11.217: [GC [PSYoungGen: 299001K->42425K(299008K)] 310688K->54112K(982016K), 0.0260990 secs] [Times: user=0.05 sys=0.00, real=0.03 secs] 
12.152: [GC [PSYoungGen: 298937K->42457K(299008K)] 310626K->54146K(982016K), 0.0263730 secs] [Times: user=0.04 sys=0.00, real=0.03 secs] 
13.118: [GC [PSYoungGen: 298969K->42429K(271360K)] 310660K->54120K(954368K), 0.0269530 secs] [Times: user=0.05 sys=0.00, real=0.02 secs] 
13.938: [GC [PSYoungGen: 271293K->160K(229376K)] 282984K->54316K(912384K), 0.0550280 secs] [Times: user=0.04 sys=0.07, real=0.05 secs] 
14.901: [GC [PSYoungGen: 229024K->96K(271360K)] 283180K->54268K(954368K), 0.0025820 secs] [Times: user=0.00 sys=0.00, real=0.00 secs] 
16.641: [GC [PSYoungGen: 208480K->64K(208896K)] 262652K->54260K(891904K), 0.0033520 secs] [Times: user=0.01 sys=0.00, real=0.00 secs] 
17.371: [GC [PSYoungGen: 208448K->64K(272384K)] 262644K->54276K(955392K), 0.0023820 secs] [Times: user=0.00 sys=0.00, real=0.00 secs] 
18.100: [GC [PSYoungGen: 204352K->64K(272896K)] 258566K->54302K(955904K), 0.0023980 secs] [Times: user=0.00 sys=0.00, real=0.00 secs] 
18.825: [GC [PSYoungGen: 204352K->64K(273920K)] 258590K->54318K(956928K), 0.0024850 secs] [Times: user=0.00 sys=0.00, real=0.01 secs] 
19.549: [GC [PSYoungGen: 205888K->64K(273408K)] 260144K->54336K(956416K), 0.0023840 secs] [Times: user=0.01 sys=0.00, real=0.00 secs] 
20.272: [GC [PSYoungGen: 205888K->64K(277504K)] 260161K->54353K(960512K), 0.0024890 secs] [Times: user=0.01 sys=0.00, real=0.00 secs] 
22.092: [GC [PSYoungGen: 211520K->160K(275456K)] 265809K->54465K(958464K), 0.0026170 secs] [Times: user=0.00 sys=0.00, real=0.00 secs] 
22.738: [GC [PSYoungGen: 211616K->64K(281600K)] 265921K->54441K(964608K), 0.0027860 secs] [Times: user=0.01 sys=0.00, real=0.00 secs] 
24.550: [GC [PSYoungGen: 219712K->34936K(250368K)] 274089K->89322K(933376K), 0.0233280 secs] [Times: user=0.04 sys=0.00, real=0.02 secs] 
26.224: [GC [PSYoungGen: 249976K->43815K(266752K)] 304363K->132611K(949760K), 0.1122360 secs] [Times: user=0.17 sys=0.05, real=0.11 secs] 
27.051: [GC [PSYoungGen: 247079K->56691K(260096K)] 335875K->186279K(943104K), 0.2024400 secs] [Times: user=0.33 sys=0.06, real=0.20 secs] 
27.862: [GC [PSYoungGen: 259955K->54867K(249856K)] 389543K->241231K(932864K), 0.2400510 secs] [Times: user=0.42 sys=0.06, real=0.24 secs] 
28.539: [GC [PSYoungGen: 226387K->56640K(228352K)] 412753K->297997K(911360K), 0.2479340 secs] [Times: user=0.44 sys=0.06, real=0.25 secs] 
29.276: [GC [PSYoungGen: 228160K->46899K(249856K)] 469519K->344954K(932864K), 0.2034330 secs] [Times: user=0.33 sys=0.07, real=0.21 secs] 
29.948: [GC [PSYoungGen: 206131K->43699K(250368K)] 504186K->388738K(933376K), 0.1930980 secs] [Times: user=0.32 sys=0.06, real=0.19 secs] 
30.865: [GC [PSYoungGen: 202931K->43635K(252928K)] 547970K->432442K(935936K), 0.1760910 secs] [Times: user=0.29 sys=0.06, real=0.18 secs] 
31.463: [GC [PSYoungGen: 206451K->71176K(234496K)] 603941K->512370K(917504K), 0.2297480 secs] [Times: user=0.39 sys=0.07, real=0.23 secs] 
33.663: [GC [PSYoungGen: 233992K->12920K(246272K)] 675186K->525307K(929280K), 0.1899770 secs] [Times: user=0.31 sys=0.06, real=0.19 secs] 
34.787: [GC [PSYoungGen: 161912K->5056K(244224K)] 674299K->520526K(927232K), 0.0407690 secs] [Times: user=0.07 sys=0.01, real=0.04 secs] 
35.837: [GC [PSYoungGen: 154048K->5056K(248832K)] 669518K->520550K(931840K), 0.0266510 secs] [Times: user=0.05 sys=0.00, real=0.03 secs] 
36.829: [GC [PSYoungGen: 159680K->8864K(247296K)] 675174K->524382K(930304K), 0.0310450 secs] [Times: user=0.06 sys=0.00, real=0.03 secs] 
37.895: [GC [PSYoungGen: 163488K->3648K(254464K)] 679093K->519269K(937472K), 0.0234230 secs] [Times: user=0.04 sys=0.00, real=0.03 secs] 
39.029: [GC [PSYoungGen: 168512K->4128K(251904K)] 684201K->520201K(934912K), 0.0270710 secs] [Times: user=0.05 sys=0.01, real=0.02 secs] 
40.136: [GC [PSYoungGen: 168992K->9728K(261120K)] 686089K->530897K(944128K), 0.0452040 secs] [Times: user=0.08 sys=0.01, real=0.05 secs] 
41.737: [GC [PSYoungGen: 186368K->9222K(257024K)] 707539K->534625K(940032K), 0.0457870 secs] [Times: user=0.09 sys=0.00, real=0.05 secs] 
42.772: [GC [PSYoungGen: 185862K->2720K(267776K)] 711265K->534460K(950784K), 0.0321200 secs] [Times: user=0.06 sys=0.01, real=0.03 secs] 
43.667: [GC [PSYoungGen: 194208K->2464K(265216K)] 725948K->534641K(948224K), 0.0180790 secs] [Times: user=0.04 sys=0.00, real=0.01 secs] 
44.540: [GC [PSYoungGen: 193952K->2688K(273408K)] 726130K->535107K(956416K), 0.0170980 secs] [Times: user=0.03 sys=0.00, real=0.01 secs] 
45.470: [GC [PSYoungGen: 205440K->2912K(270848K)] 737859K->535363K(953856K), 0.0168360 secs] [Times: user=0.03 sys=0.01, real=0.02 secs] 
46.396: [GC [PSYoungGen: 205664K->2880K(280064K)] 738115K->535363K(963072K), 0.0170000 secs] [Times: user=0.03 sys=0.00, real=0.02 secs] 
47.396: [GC [PSYoungGen: 218432K->2880K(276992K)] 750917K->535397K(960000K), 0.0169880 secs] [Times: user=0.04 sys=0.00, real=0.02 secs] 
48.379: [GC [PSYoungGen: 218432K->2880K(286208K)] 750950K->535430K(969216K), 0.0170370 secs] [Times: user=0.03 sys=0.00, real=0.01 secs] 
49.426: [GC [PSYoungGen: 230720K->2880K(283136K)] 763270K->535462K(966144K), 0.0192840 secs] [Times: user=0.04 sys=0.00, real=0.01 secs] 
50.808: [GC [PSYoungGen: 230720K->6496K(292864K)] 763302K->539110K(975872K), 0.0286830 secs] [Times: user=0.05 sys=0.00, real=0.03 secs] 
52.216: [GC [PSYoungGen: 247136K->48608K(289280K)] 779750K->599670K(972288K), 0.1610570 secs] [Times: user=0.28 sys=0.04, real=0.16 secs] 
53.761: [GC [PSYoungGen: 289248K->52192K(200192K)] 840311K->663191K(883200K), 0.2728440 secs] [Times: user=0.47 sys=0.07, real=0.28 secs] 
55.776: [GC [PSYoungGen: 200160K->17555K(244736K)] 811159K->680843K(927744K), 0.1809520 secs] [Times: user=0.30 sys=0.07, real=0.18 secs] 
55.957: [Full GC [PSYoungGen: 17555K->0K(244736K)] [ParOldGen: 663287K->601173K(683008K)] 680843K->601173K(927744K) [PSPermGen: 42615K->42582K(85504K)], 4.7446950 secs] [Times: user=8.12 sys=0.07, real=4.74 secs] 
63.014: [GC [PSYoungGen: 147968K->8576K(254464K)] 749141K->609749K(937472K), 0.0265560 secs] [Times: user=0.05 sys=0.01, real=0.03 secs] 
65.066: [GC [PSYoungGen: 171904K->16659K(250368K)] 773077K->617833K(933376K), 0.0397600 secs] [Times: user=0.08 sys=0.00, real=0.04 secs] 
67.064: [GC [PSYoungGen: 179987K->13523K(264192K)] 781161K->614697K(947200K), 0.0423050 secs] [Times: user=0.08 sys=0.00, real=0.05 secs] 
68.879: [GC [PSYoungGen: 196307K->1824K(260096K)] 797482K->602999K(943104K), 0.0067110 secs] [Times: user=0.01 sys=0.00, real=0.00 secs] 
70.409: [GC [PSYoungGen: 184608K->1856K(269312K)] 785783K->603031K(952320K), 0.0057230 secs] [Times: user=0.01 sys=0.00, real=0.01 secs] 
72.085: [GC [PSYoungGen: 196416K->1856K(266752K)] 797593K->603033K(949760K), 0.0059080 secs] [Times: user=0.01 sys=0.00, real=0.01 secs] 
73.755: [GC [PSYoungGen: 196416K->1856K(274944K)] 797593K->603033K(957952K), 0.0057070 secs] [Times: user=0.01 sys=0.00, real=0.00 secs] 
75.519: [GC [PSYoungGen: 207168K->1856K(271872K)] 808347K->603035K(954880K), 0.0057040 secs] [Times: user=0.01 sys=0.00, real=0.00 secs] 
80.114: [GC [PSYoungGen: 207168K->8028K(282112K)] 808347K->609207K(965120K), 0.0212990 secs] [Times: user=0.04 sys=0.01, real=0.02 secs] 
81.336: [GC [PSYoungGen: 226652K->10944K(278016K)] 827831K->612123K(961024K), 0.0285520 secs] [Times: user=0.05 sys=0.00, real=0.02 secs] 
82.393: [GC [PSYoungGen: 229568K->16544K(288768K)] 830747K->617723K(971776K), 0.0398730 secs] [Times: user=0.08 sys=0.00, real=0.04 secs] 
83.522: [GC [PSYoungGen: 250016K->12917K(286208K)] 851197K->614099K(969216K), 0.0309010 secs] [Times: user=0.07 sys=0.00, real=0.02 secs] 
84.717: [GC [PSYoungGen: 246389K->18997K(294400K)] 847571K->620179K(977408K), 0.0431700 secs] [Times: user=0.08 sys=0.00, real=0.04 secs] 
85.936: [GC [PSYoungGen: 264757K->17877K(292864K)] 865939K->619059K(975872K), 0.0439660 secs] [Times: user=0.09 sys=0.00, real=0.04 secs] 
87.136: [GC [PSYoungGen: 263637K->15638K(298496K)] 865179K->617179K(981504K), 0.0365950 secs] [Times: user=0.07 sys=0.00, real=0.03 secs] 
88.419: [GC [PSYoungGen: 268566K->16758K(295936K)] 870107K->618347K(978944K), 0.0381440 secs] [Times: user=0.08 sys=0.00, real=0.04 secs] 
90.463: [GC [PSYoungGen: 269686K->18173K(301568K)] 871277K->619772K(984576K), 0.0371250 secs] [Times: user=0.07 sys=0.00, real=0.03 secs] 
91.136: [GC [PSYoungGen: 278781K->17904K(300544K)] 880380K->619512K(983552K), 0.0335160 secs] [Times: user=0.06 sys=0.00, real=0.03 secs] 
91.778: [GC [PSYoungGen: 278512K->17136K(304640K)] 880120K->619536K(987648K), 0.0334570 secs] [Times: user=0.06 sys=0.00, real=0.03 secs] 
92.440: [GC [PSYoungGen: 283376K->17184K(303104K)] 885776K->619600K(986112K), 0.0309260 secs] [Times: user=0.06 sys=0.00, real=0.03 secs] 
93.093: [GC [PSYoungGen: 283424K->17152K(307200K)] 885840K->619576K(990208K), 0.0310470 secs] [Times: user=0.06 sys=0.00, real=0.04 secs] 
93.799: [GC [PSYoungGen: 289024K->17072K(306176K)] 891448K->619504K(989184K), 0.0335550 secs] [Times: user=0.06 sys=0.00, real=0.03 secs] 
94.474: [GC [PSYoungGen: 288944K->16912K(309760K)] 891377K->619361K(992768K), 0.0335060 secs] [Times: user=0.06 sys=0.00, real=0.04 secs] 
95.163: [GC [PSYoungGen: 293904K->16288K(308736K)] 896353K->619310K(991744K), 0.0340870 secs] [Times: user=0.06 sys=0.00, real=0.03 secs] 
95.864: [GC [PSYoungGen: 293280K->15728K(312832K)] 896302K->618766K(995840K), 0.0332920 secs] [Times: user=0.06 sys=0.00, real=0.03 secs] 
96.568: [GC [PSYoungGen: 298352K->16192K(311296K)] 901454K->619310K(994304K), 0.0368940 secs] [Times: user=0.06 sys=0.00, real=0.04 secs] 
97.301: [GC [PSYoungGen: 298816K->15472K(314880K)] 901936K->618607K(997888K), 0.0317510 secs] [Times: user=0.06 sys=0.00, real=0.03 secs] 
98.514: [GC [PSYoungGen: 302704K->17270K(313856K)] 905839K->620422K(996864K), 0.0391870 secs] [Times: user=0.07 sys=0.00, real=0.03 secs] 
101.486: [GC [PSYoungGen: 304502K->20640K(314368K)] 907654K->623807K(997376K), 0.0434960 secs] [Times: user=0.09 sys=0.00, real=0.04 secs] 
104.445: [GC [PSYoungGen: 308896K->22608K(311296K)] 912063K->628687K(994304K), 0.0573520 secs] [Times: user=0.11 sys=0.00, real=0.06 secs] 
106.989: [GC [PSYoungGen: 310864K->21152K(312320K)] 916943K->627247K(995328K), 0.0465160 secs] [Times: user=0.09 sys=0.00, real=0.05 secs] 
108.231: [GC [PSYoungGen: 305312K->10048K(312832K)] 911409K->627253K(995840K), 0.0474250 secs] [Times: user=0.09 sys=0.00, real=0.05 secs] 
109.479: [GC [PSYoungGen: 294208K->10048K(312832K)] 911413K->627261K(995840K), 0.0240840 secs] [Times: user=0.05 sys=0.00, real=0.03 secs] 
110.680: [GC [PSYoungGen: 294208K->9984K(312832K)] 911421K->627197K(995840K), 0.0247880 secs] [Times: user=0.05 sys=0.00, real=0.03 secs] 
111.885: [GC [PSYoungGen: 294144K->9920K(313344K)] 911357K->627141K(996352K), 0.0252780 secs] [Times: user=0.05 sys=0.00, real=0.02 secs] 
Heap
 PSYoungGen      total 313344K, used 239606K [0x00000000eb280000, 0x0000000100000000, 0x0000000100000000)
  eden space 284672K, 80% used [0x00000000eb280000,0x00000000f92cd8c0,0x00000000fc880000)
  from space 28672K, 34% used [0x00000000fe400000,0x00000000fedb00e8,0x0000000100000000)
  to   space 28160K, 0% used [0x00000000fc880000,0x00000000fc880000,0x00000000fe400000)
 ParOldGen       total 683008K, used 617221K [0x00000000c1780000, 0x00000000eb280000, 0x00000000eb280000)
  object space 683008K, 90% used [0x00000000c1780000,0x00000000e7241458,0x00000000eb280000)
 PSPermGen       total 85504K, used 43501K [0x00000000b9780000, 0x00000000beb00000, 0x00000000c1780000)
  object space 85504K, 50% used [0x00000000b9780000,0x00000000bc1fb798,0x00000000beb00000)
