OpenJDK 64-Bit Server VM (24.85-b03) for linux-amd64 JRE (1.7.0_85-b01), built on Jul 20 2015 19:51:05 by "mockbuild" with gcc 4.8.2 20140120 (Red Hat 4.8.2-16)
Memory: 4k page, physical 7633616k(4264448k free), swap 1048572k(1048572k free)
CommandLine flags: -XX:InitialHeapSize=1048576000 -XX:MaxHeapSize=1048576000 -XX:MaxPermSize=134217728 -XX:+PrintGC -XX:+PrintGCDetails -XX:+PrintGCTimeStamps -XX:+UseCompressedOops -XX:+UseParallelGC 
3.680: [GC [PSYoungGen: 256512K->16714K(299008K)] 256512K->16722K(982016K), 0.0395760 secs] [Times: user=0.05 sys=0.01, real=0.04 secs] 
26.561: [GC [PSYoungGen: 273226K->42468K(299008K)] 273234K->63352K(982016K), 0.1172900 secs] [Times: user=0.14 sys=0.08, real=0.12 secs] 
27.573: [GC [PSYoungGen: 298980K->42480K(299008K)] 319866K->129892K(982016K), 0.2593420 secs] [Times: user=0.40 sys=0.12, real=0.26 secs] 
28.755: [GC [PSYoungGen: 298992K->42464K(299008K)] 386404K->200968K(982016K), 0.2678320 secs] [Times: user=0.46 sys=0.07, real=0.27 secs] 
29.689: [GC [PSYoungGen: 298976K->42480K(299008K)] 457482K->276409K(982016K), 0.3011560 secs] [Times: user=0.51 sys=0.10, real=0.30 secs] 
30.690: [GC [PSYoungGen: 298992K->42468K(156672K)] 532923K->346566K(839680K), 0.4135200 secs] [Times: user=0.72 sys=0.11, real=0.41 secs] 
31.416: [GC [PSYoungGen: 156644K->35219K(227840K)] 460742K->377599K(910848K), 0.2845260 secs] [Times: user=0.49 sys=0.08, real=0.29 secs] 
31.978: [GC [PSYoungGen: 142472K->75187K(227840K)] 501236K->433967K(910848K), 0.1759210 secs] [Times: user=0.35 sys=0.00, real=0.17 secs] 
33.130: [GC [PSYoungGen: 189363K->108188K(227840K)] 548147K->471060K(910848K), 0.1941090 secs] [Times: user=0.38 sys=0.00, real=0.20 secs] 
35.347: [GC [PSYoungGen: 222364K->45332K(227840K)] 585236K->479388K(910848K), 0.2693360 secs] [Times: user=0.43 sys=0.11, real=0.26 secs] 
36.412: [GC [PSYoungGen: 159508K->8800K(227840K)] 593564K->492460K(910848K), 0.1396800 secs] [Times: user=0.22 sys=0.05, real=0.14 secs] 
37.336: [GC [PSYoungGen: 122976K->4832K(227840K)] 606637K->488509K(910848K), 0.0287130 secs] [Times: user=0.06 sys=0.00, real=0.04 secs] 
38.202: [GC [PSYoungGen: 119008K->5011K(227840K)] 602687K->488706K(910848K), 0.0432540 secs] [Times: user=0.08 sys=0.00, real=0.05 secs] 
39.017: [GC [PSYoungGen: 119187K->9696K(227840K)] 602882K->493455K(910848K), 0.0360080 secs] [Times: user=0.07 sys=0.00, real=0.03 secs] 
39.838: [GC [PSYoungGen: 123872K->4960K(227840K)] 607631K->493551K(910848K), 0.0384790 secs] [Times: user=0.07 sys=0.01, real=0.04 secs] 
40.655: [GC [PSYoungGen: 119136K->7776K(227840K)] 607727K->496383K(910848K), 0.0352970 secs] [Times: user=0.07 sys=0.00, real=0.04 secs] 
41.472: [GC [PSYoungGen: 121952K->5408K(227840K)] 610559K->494031K(910848K), 0.0301440 secs] [Times: user=0.06 sys=0.00, real=0.03 secs] 
42.264: [GC [PSYoungGen: 119584K->5056K(227840K)] 608207K->493695K(910848K), 0.0284270 secs] [Times: user=0.06 sys=0.00, real=0.03 secs] 
43.076: [GC [PSYoungGen: 119232K->7776K(227840K)] 607871K->496439K(910848K), 0.0341950 secs] [Times: user=0.07 sys=0.00, real=0.04 secs] 
44.561: [GC [PSYoungGen: 121952K->8379K(227840K)] 610616K->497059K(910848K), 0.0300240 secs] [Times: user=0.06 sys=0.00, real=0.03 secs] 
45.326: [GC [PSYoungGen: 122555K->928K(227840K)] 611235K->496746K(910848K), 0.0333090 secs] [Times: user=0.06 sys=0.01, real=0.03 secs] 
46.175: [GC [PSYoungGen: 115104K->2848K(227840K)] 610922K->498777K(910848K), 0.0183200 secs] [Times: user=0.03 sys=0.00, real=0.02 secs] 
46.749: [GC [PSYoungGen: 117024K->1600K(227840K)] 612954K->498845K(910848K), 0.0191040 secs] [Times: user=0.04 sys=0.00, real=0.02 secs] 
47.320: [GC [PSYoungGen: 115776K->2368K(227840K)] 613023K->500206K(910848K), 0.0193700 secs] [Times: user=0.03 sys=0.00, real=0.02 secs] 
47.885: [GC [PSYoungGen: 116544K->2080K(227840K)] 614382K->500783K(910848K), 0.0187530 secs] [Times: user=0.04 sys=0.00, real=0.01 secs] 
48.444: [GC [PSYoungGen: 116256K->2144K(238592K)] 614959K->501671K(921600K), 0.0190410 secs] [Times: user=0.04 sys=0.00, real=0.02 secs] 
49.085: [GC [PSYoungGen: 132192K->2272K(232960K)] 631719K->502530K(915968K), 0.0188520 secs] [Times: user=0.03 sys=0.00, real=0.01 secs] 
49.740: [GC [PSYoungGen: 132320K->2016K(249856K)] 632578K->503159K(932864K), 0.0188320 secs] [Times: user=0.03 sys=0.01, real=0.02 secs] 
50.490: [GC [PSYoungGen: 154592K->2688K(244224K)] 655735K->504112K(927232K), 0.0187590 secs] [Times: user=0.04 sys=0.00, real=0.02 secs] 
51.239: [GC [PSYoungGen: 155264K->2688K(260608K)] 656688K->504440K(943616K), 0.0185480 secs] [Times: user=0.03 sys=0.00, real=0.02 secs] 
52.077: [GC [PSYoungGen: 177280K->2784K(255488K)] 679032K->504736K(938496K), 0.0183390 secs] [Times: user=0.03 sys=0.00, real=0.02 secs] 
52.932: [GC [PSYoungGen: 177376K->2656K(270848K)] 679330K->504882K(953856K), 0.0185250 secs] [Times: user=0.04 sys=0.00, real=0.02 secs] 
54.010: [GC [PSYoungGen: 197728K->1694K(265728K)] 699954K->503952K(948736K), 0.0181180 secs] [Times: user=0.03 sys=0.00, real=0.02 secs] 
80.945: [GC [PSYoungGen: 196766K->40050K(264704K)] 699024K->542492K(947712K), 0.0386220 secs] [Times: user=0.08 sys=0.00, real=0.03 secs] 
82.139: [GC [PSYoungGen: 238194K->4416K(269824K)] 740636K->542633K(952832K), 0.0639730 secs] [Times: user=0.08 sys=0.05, real=0.06 secs] 
83.231: [GC [PSYoungGen: 202560K->1376K(277504K)] 740777K->539838K(960512K), 0.0201340 secs] [Times: user=0.04 sys=0.00, real=0.02 secs] 
84.339: [GC [PSYoungGen: 211296K->10816K(273920K)] 749758K->549523K(956928K), 0.0432290 secs] [Times: user=0.08 sys=0.00, real=0.05 secs] 
85.363: [GC [PSYoungGen: 220736K->10880K(287744K)] 759443K->549771K(970752K), 0.0430620 secs] [Times: user=0.09 sys=0.00, real=0.04 secs] 
86.472: [GC [PSYoungGen: 240256K->7616K(283136K)] 779149K->546754K(966144K), 0.0353030 secs] [Times: user=0.07 sys=0.00, real=0.04 secs] 
87.640: [GC [PSYoungGen: 236992K->14336K(293888K)] 776130K->553771K(976896K), 0.0509960 secs] [Times: user=0.10 sys=0.00, real=0.05 secs] 
88.893: [GC [PSYoungGen: 258048K->12352K(291328K)] 797483K->552033K(974336K), 0.0462090 secs] [Times: user=0.09 sys=0.00, real=0.04 secs] 
90.186: [GC [PSYoungGen: 256064K->11872K(300032K)] 795745K->551851K(983040K), 0.0487880 secs] [Times: user=0.09 sys=0.00, real=0.05 secs] 
92.064: [GC [PSYoungGen: 267360K->7296K(296960K)] 807339K->549450K(979968K), 0.0378430 secs] [Times: user=0.07 sys=0.00, real=0.04 secs] 
92.699: [GC [PSYoungGen: 262784K->1344K(303616K)] 804938K->548511K(986624K), 0.0353050 secs] [Times: user=0.06 sys=0.01, real=0.04 secs] 
93.339: [GC [PSYoungGen: 266048K->1472K(302592K)] 813215K->548671K(985600K), 0.0202200 secs] [Times: user=0.03 sys=0.00, real=0.02 secs] 
93.973: [GC [PSYoungGen: 266176K->1440K(306176K)] 813375K->548770K(989184K), 0.0186720 secs] [Times: user=0.03 sys=0.00, real=0.01 secs] 
94.601: [GC [PSYoungGen: 271264K->1440K(305152K)] 818594K->548909K(988160K), 0.0192890 secs] [Times: user=0.04 sys=0.00, real=0.02 secs] 
95.278: [GC [PSYoungGen: 271264K->1824K(309248K)] 818733K->549723K(992256K), 0.0300530 secs] [Times: user=0.05 sys=0.00, real=0.03 secs] 
95.960: [GC [PSYoungGen: 277280K->1248K(307712K)] 825179K->549286K(990720K), 0.0201070 secs] [Times: user=0.04 sys=0.00, real=0.02 secs] 
96.633: [GC [PSYoungGen: 276704K->1344K(312320K)] 824742K->549406K(995328K), 0.0254980 secs] [Times: user=0.05 sys=0.00, real=0.02 secs] 
97.320: [GC [PSYoungGen: 282944K->1248K(310784K)] 831006K->549326K(993792K), 0.0211850 secs] [Times: user=0.04 sys=0.00, real=0.03 secs] 
98.000: [GC [PSYoungGen: 282848K->1056K(315392K)] 830926K->549150K(998400K), 0.0192500 secs] [Times: user=0.04 sys=0.00, real=0.02 secs] 
98.660: [GC [PSYoungGen: 288800K->1120K(313856K)] 836894K->549230K(996864K), 0.0192130 secs] [Times: user=0.03 sys=0.00, real=0.01 secs] 
Heap
 PSYoungGen      total 313856K, used 231747K [0x00000000eb280000, 0x0000000100000000, 0x0000000100000000)
  eden space 287744K, 80% used [0x00000000eb280000,0x00000000f93b8e60,0x00000000fcb80000)
  from space 26112K, 4% used [0x00000000fcb80000,0x00000000fcc98130,0x00000000fe500000)
  to   space 24576K, 0% used [0x00000000fe800000,0x00000000fe800000,0x0000000100000000)
 ParOldGen       total 683008K, used 548109K [0x00000000c1780000, 0x00000000eb280000, 0x00000000eb280000)
  object space 683008K, 80% used [0x00000000c1780000,0x00000000e2ec3778,0x00000000eb280000)
 PSPermGen       total 39936K, used 39440K [0x00000000b9780000, 0x00000000bbe80000, 0x00000000c1780000)
  object space 39936K, 98% used [0x00000000b9780000,0x00000000bbe04198,0x00000000bbe80000)
