OpenJDK 64-Bit Server VM (24.85-b03) for linux-amd64 JRE (1.7.0_85-b01), built on Jul 20 2015 19:51:05 by "mockbuild" with gcc 4.8.2 20140120 (Red Hat 4.8.2-16)
Memory: 4k page, physical 7633616k(4264060k free), swap 1048572k(1048572k free)
CommandLine flags: -XX:InitialHeapSize=1048576000 -XX:MaxHeapSize=1048576000 -XX:MaxPermSize=134217728 -XX:+PrintGC -XX:+PrintGCDetails -XX:+PrintGCTimeStamps -XX:+UseCompressedOops -XX:+UseParallelGC 
3.657: [GC [PSYoungGen: 256512K->16984K(299008K)] 256512K->17056K(982016K), 0.0441030 secs] [Times: user=0.05 sys=0.02, real=0.04 secs] 
8.885: [GC [PSYoungGen: 273496K->42487K(299008K)] 273568K->53023K(982016K), 0.0773500 secs] [Times: user=0.08 sys=0.06, real=0.08 secs] 
10.084: [GC [PSYoungGen: 298999K->42372K(299008K)] 309537K->52909K(982016K), 0.0508570 secs] [Times: user=0.07 sys=0.02, real=0.05 secs] 
11.280: [GC [PSYoungGen: 298884K->42324K(299008K)] 309421K->52861K(982016K), 0.0236000 secs] [Times: user=0.05 sys=0.00, real=0.02 secs] 
12.282: [GC [PSYoungGen: 298836K->42324K(299008K)] 309373K->52861K(982016K), 0.0244900 secs] [Times: user=0.05 sys=0.00, real=0.02 secs] 
13.281: [GC [PSYoungGen: 298836K->42356K(271360K)] 309374K->52894K(954368K), 0.0240590 secs] [Times: user=0.05 sys=0.00, real=0.02 secs] 
14.169: [GC [PSYoungGen: 271220K->128K(229376K)] 281759K->52897K(912384K), 0.0545720 secs] [Times: user=0.07 sys=0.04, real=0.05 secs] 
15.088: [GC [PSYoungGen: 228992K->96K(272384K)] 281763K->52883K(955392K), 0.0025710 secs] [Times: user=0.01 sys=0.00, real=0.01 secs] 
16.194: [GC [PSYoungGen: 209504K->96K(209920K)] 262291K->52907K(892928K), 0.0028060 secs] [Times: user=0.01 sys=0.00, real=0.01 secs] 
16.975: [GC [PSYoungGen: 209504K->96K(272896K)] 262316K->52932K(955904K), 0.0025110 secs] [Times: user=0.00 sys=0.00, real=0.01 secs] 
17.728: [GC [PSYoungGen: 205408K->64K(273408K)] 258244K->52924K(956416K), 0.0024730 secs] [Times: user=0.00 sys=0.00, real=0.00 secs] 
18.487: [GC [PSYoungGen: 205376K->64K(274432K)] 258236K->52940K(957440K), 0.0024340 secs] [Times: user=0.01 sys=0.00, real=0.00 secs] 
19.509: [GC [PSYoungGen: 206400K->160K(273408K)] 259278K->53054K(956416K), 0.0026480 secs] [Times: user=0.01 sys=0.00, real=0.00 secs] 
20.139: [GC [PSYoungGen: 206496K->64K(277504K)] 259390K->53030K(960512K), 0.0027450 secs] [Times: user=0.00 sys=0.00, real=0.00 secs] 
21.080: [GC [PSYoungGen: 212032K->64K(275968K)] 264998K->53046K(958976K), 0.0024220 secs] [Times: user=0.00 sys=0.00, real=0.00 secs] 
21.718: [GC [PSYoungGen: 212032K->64K(282112K)] 265014K->53062K(965120K), 0.0024350 secs] [Times: user=0.00 sys=0.00, real=0.00 secs] 
24.212: [GC [PSYoungGen: 220224K->2100K(279552K)] 289608K->71501K(962560K), 0.0056900 secs] [Times: user=0.01 sys=0.00, real=0.01 secs] 
25.955: [GC [PSYoungGen: 222260K->56167K(261120K)] 291661K->127112K(944128K), 0.0775040 secs] [Times: user=0.15 sys=0.00, real=0.08 secs] 
26.720: [GC [PSYoungGen: 260455K->56832K(261632K)] 331410K->181967K(944640K), 0.2014740 secs] [Times: user=0.33 sys=0.06, real=0.20 secs] 
27.518: [GC [PSYoungGen: 261120K->54003K(249856K)] 386255K->236082K(932864K), 0.2286490 secs] [Times: user=0.38 sys=0.07, real=0.23 secs] 
28.180: [GC [PSYoungGen: 225523K->56742K(228352K)] 407602K->292910K(911360K), 0.2370960 secs] [Times: user=0.40 sys=0.06, real=0.24 secs] 
29.109: [GC [PSYoungGen: 228262K->46752K(248320K)] 464431K->339748K(931328K), 0.2178030 secs] [Times: user=0.36 sys=0.07, real=0.22 secs] 
29.798: [GC [PSYoungGen: 203936K->43104K(249344K)] 496934K->382942K(932352K), 0.2830060 secs] [Times: user=0.50 sys=0.06, real=0.28 secs] 
30.515: [GC [PSYoungGen: 200288K->42451K(251904K)] 540126K->425465K(934912K), 0.2684500 secs] [Times: user=0.45 sys=0.08, real=0.27 secs] 
31.160: [GC [PSYoungGen: 203219K->65568K(226816K)] 594915K->499768K(909824K), 0.2145520 secs] [Times: user=0.37 sys=0.06, real=0.21 secs] 
33.137: [GC [PSYoungGen: 226336K->17280K(248320K)] 660536K->517105K(931328K), 0.1667410 secs] [Times: user=0.24 sys=0.09, real=0.16 secs] 
34.396: [GC [PSYoungGen: 169344K->4704K(245248K)] 669169K->525521K(928256K), 0.0576510 secs] [Times: user=0.09 sys=0.03, real=0.05 secs] 
35.493: [GC [PSYoungGen: 154913K->7904K(251904K)] 677779K->530793K(934912K), 0.0306500 secs] [Times: user=0.06 sys=0.00, real=0.03 secs] 
36.563: [GC [PSYoungGen: 167648K->8192K(249344K)] 690539K->533267K(932352K), 0.0397060 secs] [Times: user=0.08 sys=0.00, real=0.04 secs] 
37.581: [GC [PSYoungGen: 167936K->6592K(257024K)] 693011K->531867K(940032K), 0.0300130 secs] [Times: user=0.06 sys=0.00, real=0.03 secs] 
38.846: [GC [PSYoungGen: 176576K->4832K(254464K)] 701851K->530123K(937472K), 0.0246000 secs] [Times: user=0.05 sys=0.00, real=0.02 secs] 
39.993: [GC [PSYoungGen: 174816K->7488K(263168K)] 700107K->532811K(946176K), 0.0326490 secs] [Times: user=0.06 sys=0.00, real=0.04 secs] 
41.583: [GC [PSYoungGen: 189248K->6998K(260096K)] 714572K->532346K(943104K), 0.0246090 secs] [Times: user=0.05 sys=0.00, real=0.03 secs] 
42.682: [GC [PSYoungGen: 188758K->2752K(269312K)] 714106K->532085K(952320K), 0.0253560 secs] [Times: user=0.04 sys=0.00, real=0.03 secs] 
43.428: [GC [PSYoungGen: 197312K->2272K(266752K)] 726647K->532197K(949760K), 0.0209020 secs] [Times: user=0.04 sys=0.00, real=0.02 secs] 
44.165: [GC [PSYoungGen: 196832K->2336K(274944K)] 726757K->532772K(957952K), 0.0210750 secs] [Times: user=0.05 sys=0.00, real=0.02 secs] 
44.947: [GC [PSYoungGen: 208160K->2784K(272384K)] 738598K->533294K(955392K), 0.0206150 secs] [Times: user=0.04 sys=0.00, real=0.02 secs] 
45.737: [GC [PSYoungGen: 208608K->2752K(281088K)] 739118K->533374K(964096K), 0.0209160 secs] [Times: user=0.04 sys=0.00, real=0.02 secs] 
46.563: [GC [PSYoungGen: 220352K->2816K(278016K)] 750974K->533470K(961024K), 0.0208090 secs] [Times: user=0.04 sys=0.00, real=0.02 secs] 
47.397: [GC [PSYoungGen: 220416K->2816K(287232K)] 751070K->533502K(970240K), 0.0207050 secs] [Times: user=0.04 sys=0.00, real=0.02 secs] 
48.276: [GC [PSYoungGen: 232704K->2752K(284160K)] 763392K->533512K(967168K), 0.0206260 secs] [Times: user=0.05 sys=0.00, real=0.02 secs] 
49.155: [GC [PSYoungGen: 232640K->2816K(293376K)] 763400K->533608K(976384K), 0.0208760 secs] [Times: user=0.04 sys=0.00, real=0.02 secs] 
50.426: [GC [PSYoungGen: 244992K->1811K(290304K)] 775784K->532651K(973312K), 0.0232790 secs] [Times: user=0.05 sys=0.00, real=0.02 secs] 
51.178: [GC [PSYoungGen: 243987K->45536K(269312K)] 774827K->585071K(952320K), 0.1207440 secs] [Times: user=0.21 sys=0.03, real=0.12 secs] 
51.902: [GC [PSYoungGen: 269280K->58848K(282624K)] 808817K->642701K(965632K), 0.2342770 secs] [Times: user=0.40 sys=0.06, real=0.24 secs] 
53.036: [GC [PSYoungGen: 282592K->51232K(217088K)] 866445K->690008K(900096K), 0.2235830 secs] [Times: user=0.38 sys=0.07, real=0.22 secs] 
53.260: [Full GC [PSYoungGen: 51232K->0K(217088K)] [ParOldGen: 638776K->601229K(683008K)] 690008K->601229K(900096K) [PSPermGen: 42622K->42588K(85504K)], 5.5258070 secs] [Times: user=9.52 sys=0.08, real=5.53 secs] 
59.937: [GC [PSYoungGen: 158208K->5926K(249856K)] 759437K->607155K(932864K), 0.0221070 secs] [Times: user=0.04 sys=0.00, real=0.02 secs] 
60.990: [GC [PSYoungGen: 164134K->6208K(256512K)] 765363K->608891K(939520K), 0.0212210 secs] [Times: user=0.05 sys=0.00, real=0.02 secs] 
61.930: [GC [PSYoungGen: 174144K->14016K(252928K)] 776827K->616699K(935936K), 0.0398820 secs] [Times: user=0.08 sys=0.00, real=0.04 secs] 
62.736: [GC [PSYoungGen: 181952K->14867K(266752K)] 784635K->617551K(949760K), 0.0432060 secs] [Times: user=0.08 sys=0.00, real=0.04 secs] 
63.684: [GC [PSYoungGen: 201747K->8576K(261632K)] 804431K->611260K(944640K), 0.0272570 secs] [Times: user=0.05 sys=0.00, real=0.03 secs] 
64.624: [GC [PSYoungGen: 195456K->11552K(273920K)] 798141K->614237K(956928K), 0.0352070 secs] [Times: user=0.07 sys=0.00, real=0.03 secs] 
65.592: [GC [PSYoungGen: 214304K->28339K(270336K)] 816989K->631025K(953344K), 0.0783350 secs] [Times: user=0.16 sys=0.00, real=0.08 secs] 
66.622: [GC [PSYoungGen: 231091K->19584K(279552K)] 833777K->622269K(962560K), 0.0435810 secs] [Times: user=0.09 sys=0.00, real=0.05 secs] 
67.655: [GC [PSYoungGen: 233088K->19219K(275456K)] 835773K->621905K(958464K), 0.0427220 secs] [Times: user=0.09 sys=0.00, real=0.04 secs] 
68.665: [GC [PSYoungGen: 232723K->21504K(287232K)] 835409K->624189K(970240K), 0.0488040 secs] [Times: user=0.10 sys=0.00, real=0.05 secs] 
69.736: [GC [PSYoungGen: 251392K->22848K(284160K)] 854080K->625536K(967168K), 0.0468310 secs] [Times: user=0.09 sys=0.00, real=0.04 secs] 
70.630: [GC [PSYoungGen: 252736K->22880K(291328K)] 855424K->625568K(974336K), 0.0349880 secs] [Times: user=0.07 sys=0.00, real=0.04 secs] 
71.543: [GC [PSYoungGen: 261984K->22848K(289280K)] 864672K->625536K(972288K), 0.0346440 secs] [Times: user=0.06 sys=0.00, real=0.04 secs] 
72.467: [GC [PSYoungGen: 261952K->22880K(294912K)] 864640K->625568K(977920K), 0.0346770 secs] [Times: user=0.07 sys=0.00, real=0.03 secs] 
73.404: [GC [PSYoungGen: 269664K->22848K(293376K)] 872352K->625536K(976384K), 0.0348160 secs] [Times: user=0.07 sys=0.00, real=0.04 secs] 
74.381: [GC [PSYoungGen: 269632K->22848K(298496K)] 872320K->625536K(981504K), 0.0355430 secs] [Times: user=0.07 sys=0.00, real=0.04 secs] 
75.357: [GC [PSYoungGen: 276800K->22880K(296960K)] 879488K->625584K(979968K), 0.0354490 secs] [Times: user=0.07 sys=0.00, real=0.04 secs] 
76.323: [GC [PSYoungGen: 276832K->22848K(301568K)] 879536K->625568K(984576K), 0.0344100 secs] [Times: user=0.07 sys=0.00, real=0.04 secs] 
77.350: [GC [PSYoungGen: 282944K->22880K(300032K)] 885666K->625618K(983040K), 0.0357580 secs] [Times: user=0.07 sys=0.00, real=0.04 secs] 
79.987: [GC [PSYoungGen: 282976K->21442K(304128K)] 885714K->624196K(987136K), 0.0359690 secs] [Times: user=0.07 sys=0.00, real=0.04 secs] 
81.349: [GC [PSYoungGen: 286658K->32661K(297984K)] 889412K->636591K(980992K), 0.0654780 secs] [Times: user=0.13 sys=0.00, real=0.07 secs] 
82.673: [GC [PSYoungGen: 297877K->18357K(302592K)] 901807K->630647K(985600K), 0.0497320 secs] [Times: user=0.10 sys=0.00, real=0.05 secs] 
84.019: [GC [PSYoungGen: 281013K->20469K(301568K)] 893307K->632787K(984576K), 0.0412510 secs] [Times: user=0.08 sys=0.01, real=0.05 secs] 
85.257: [GC [PSYoungGen: 283125K->32053K(300032K)] 895443K->644379K(983040K), 0.0676840 secs] [Times: user=0.13 sys=0.00, real=0.07 secs] 
86.623: [GC [PSYoungGen: 294709K->31222K(293888K)] 907035K->643555K(976896K), 0.0602440 secs] [Times: user=0.12 sys=0.00, real=0.06 secs] 
87.804: [GC [PSYoungGen: 293878K->25622K(301568K)] 906211K->648371K(984576K), 0.0747090 secs] [Times: user=0.15 sys=0.00, real=0.07 secs] 
89.476: [GC [PSYoungGen: 286230K->15478K(300544K)] 908979K->638243K(983552K), 0.0327860 secs] [Times: user=0.06 sys=0.00, real=0.03 secs] 
90.581: [GC [PSYoungGen: 276086K->15662K(302080K)] 898851K->638428K(985088K), 0.0319970 secs] [Times: user=0.06 sys=0.00, real=0.03 secs] 
91.191: [GC [PSYoungGen: 277806K->15430K(301568K)] 900572K->638195K(984576K), 0.0308450 secs] [Times: user=0.06 sys=0.00, real=0.04 secs] 
91.825: [GC [PSYoungGen: 277574K->15494K(303104K)] 900339K->638260K(986112K), 0.0327620 secs] [Times: user=0.06 sys=0.00, real=0.03 secs] 
92.434: [GC [PSYoungGen: 279686K->15526K(302592K)] 902452K->638292K(985600K), 0.0335470 secs] [Times: user=0.06 sys=0.00, real=0.03 secs] 
93.225: [GC [PSYoungGen: 279718K->15366K(304640K)] 902484K->638131K(987648K), 0.0318230 secs] [Times: user=0.06 sys=0.00, real=0.03 secs] 
93.828: [GC [PSYoungGen: 282630K->15270K(304128K)] 905395K->638035K(987136K), 0.0325820 secs] [Times: user=0.06 sys=0.00, real=0.04 secs] 
94.448: [GC [PSYoungGen: 282534K->14982K(306176K)] 905299K->637779K(989184K), 0.0320210 secs] [Times: user=0.06 sys=0.00, real=0.03 secs] 
95.072: [GC [PSYoungGen: 285318K->14240K(305664K)] 908116K->637595K(988672K), 0.0320710 secs] [Times: user=0.06 sys=0.00, real=0.03 secs] 
95.702: [GC [PSYoungGen: 284576K->14016K(307712K)] 907932K->637380K(990720K), 0.0325290 secs] [Times: user=0.06 sys=0.00, real=0.03 secs] 
96.344: [GC [PSYoungGen: 287424K->14208K(307200K)] 910788K->637580K(990208K), 0.0313120 secs] [Times: user=0.06 sys=0.00, real=0.03 secs] 
96.986: [GC [PSYoungGen: 287616K->13248K(309248K)] 910988K->637124K(992256K), 0.0329000 secs] [Times: user=0.06 sys=0.00, real=0.03 secs] 
98.362: [GC [PSYoungGen: 289728K->7997K(308736K)] 913604K->641161K(991744K), 0.0418570 secs] [Times: user=0.08 sys=0.00, real=0.04 secs] 
99.847: [GC [PSYoungGen: 284477K->23520K(307200K)] 917641K->656700K(990208K), 0.0585250 secs] [Times: user=0.12 sys=0.00, real=0.06 secs] 
101.123: [GC [PSYoungGen: 298464K->15776K(308224K)] 931648K->648976K(991232K), 0.0386000 secs] [Times: user=0.08 sys=0.00, real=0.04 secs] 
102.548: [GC [PSYoungGen: 290720K->14256K(310784K)] 923920K->649828K(993792K), 0.0380650 secs] [Times: user=0.07 sys=0.00, real=0.04 secs] 
103.911: [GC [PSYoungGen: 293296K->19136K(309760K)] 928869K->654789K(992768K), 0.0431290 secs] [Times: user=0.09 sys=0.00, real=0.05 secs] 
105.232: [GC [PSYoungGen: 298176K->22816K(309248K)] 933830K->658478K(992256K), 0.0508220 secs] [Times: user=0.10 sys=0.00, real=0.06 secs] 
106.581: [GC [PSYoungGen: 301856K->26400K(305664K)] 937518K->662071K(988672K), 0.0747070 secs] [Times: user=0.13 sys=0.00, real=0.07 secs] 
107.754: [GC [PSYoungGen: 305440K->15168K(309248K)] 941111K->650839K(992256K), 0.0320640 secs] [Times: user=0.06 sys=0.00, real=0.03 secs] 
108.366: [GC [PSYoungGen: 291136K->15200K(308224K)] 926807K->650879K(991232K), 0.0295740 secs] [Times: user=0.06 sys=0.00, real=0.03 secs] 
108.966: [GC [PSYoungGen: 291168K->15328K(310784K)] 926847K->651023K(993792K), 0.0300600 secs] [Times: user=0.06 sys=0.01, real=0.03 secs] 
109.582: [GC [PSYoungGen: 294880K->15200K(310272K)] 930575K->650911K(993280K), 0.0297700 secs] [Times: user=0.06 sys=0.00, real=0.03 secs] 
110.193: [GC [PSYoungGen: 294752K->15136K(312832K)] 930463K->650863K(995840K), 0.0315970 secs] [Times: user=0.06 sys=0.00, real=0.03 secs] 
110.817: [GC [PSYoungGen: 298272K->15168K(311808K)] 933999K->650911K(994816K), 0.0295530 secs] [Times: user=0.06 sys=0.00, real=0.03 secs] 
111.469: [GC [PSYoungGen: 298304K->14880K(314368K)] 934047K->650639K(997376K), 0.0315420 secs] [Times: user=0.06 sys=0.00, real=0.04 secs] 
112.141: [GC [PSYoungGen: 301088K->14656K(313344K)] 936847K->650431K(996352K), 0.0294420 secs] [Times: user=0.05 sys=0.00, real=0.03 secs] 
112.793: [GC [PSYoungGen: 300864K->14272K(315392K)] 936641K->650369K(998400K), 0.0293260 secs] [Times: user=0.06 sys=0.00, real=0.03 secs] 
113.425: [GC [PSYoungGen: 303040K->14016K(314880K)] 939137K->650129K(997888K), 0.0309890 secs] [Times: user=0.06 sys=0.00, real=0.03 secs] 
114.096: [GC [PSYoungGen: 302784K->6368K(314880K)] 938897K->650209K(997888K), 0.0351150 secs] [Times: user=0.06 sys=0.00, real=0.04 secs] 
Heap
 PSYoungGen      total 314880K, used 218372K [0x00000000eb280000, 0x0000000100000000, 0x0000000100000000)
  eden space 289280K, 73% used [0x00000000eb280000,0x00000000f8188ff0,0x00000000fcd00000)
  from space 25600K, 24% used [0x00000000fe700000,0x00000000fed38238,0x0000000100000000)
  to   space 26112K, 0% used [0x00000000fcd00000,0x00000000fcd00000,0x00000000fe680000)
 ParOldGen       total 683008K, used 643840K [0x00000000c1780000, 0x00000000eb280000, 0x00000000eb280000)
  object space 683008K, 94% used [0x00000000c1780000,0x00000000e8c40250,0x00000000eb280000)
 PSPermGen       total 85504K, used 43529K [0x00000000b9780000, 0x00000000beb00000, 0x00000000c1780000)
  object space 85504K, 50% used [0x00000000b9780000,0x00000000bc2024f8,0x00000000beb00000)
